[2025-03-04 23:42:01] Log file truncated as it exceeded 10KB
[2025-03-04 23:42:01] Request ID: vqcgb
[2025-03-07 14:40:33] Parent process closed connection, exiting...
[2025-03-08 00:08:51] Action: perform_search
[2025-03-08 00:08:51] Request ID: 5nkvym
[2025-03-08 00:08:57] Response: Success
[2025-03-08 00:08:57] Action: perform_search
[2025-03-08 00:08:57] Request ID: b7hqj8
[2025-03-08 00:08:59] Response: Success
[2025-03-08 00:08:59] Action: perform_search
[2025-03-08 00:08:59] Request ID: uahihw
[2025-03-08 00:09:00] Response: Success
[2025-03-08 00:09:00] Action: perform_search
[2025-03-08 00:09:00] Request ID: zhzct
[2025-03-08 00:09:02] Response: Success
[2025-03-08 00:09:02] Action: perform_search
[2025-03-08 00:09:02] Request ID: izca1m
[2025-03-08 00:09:02] Response: Success
[2025-03-08 00:09:20] Action: open_editor
[2025-03-08 00:09:20] Request ID: 1d52k35
[2025-03-08 00:09:21] Response: Success
[2025-03-08 00:10:05] Action: perform_search
[2025-03-08 00:10:05] Request ID: oykd0c
[2025-03-08 00:10:10] Response: Success
[2025-03-08 00:10:10] Action: perform_search
[2025-03-08 00:10:10] Request ID: 1gkvon
[2025-03-08 00:10:11] Response: Success
[2025-03-08 00:10:11] Action: perform_search
[2025-03-08 00:10:11] Request ID: 8wcfg
[2025-03-08 00:10:13] Response: Success
[2025-03-08 00:10:13] Action: perform_search
[2025-03-08 00:10:13] Request ID: bf2kvvi
[2025-03-08 00:10:14] Response: Success
[2025-03-08 00:24:37] Action: perform_search
[2025-03-08 00:24:37] Request ID: 99jdwm
[2025-03-08 00:24:41] Response: Success
[2025-03-08 00:24:41] Action: perform_search
[2025-03-08 00:24:41] Request ID: m7jdy
[2025-03-08 00:24:42] Response: Success
[2025-03-08 00:24:42] Action: perform_search
[2025-03-08 00:24:42] Request ID: eooszb
[2025-03-08 00:24:43] Response: Success
[2025-03-08 00:24:43] Action: perform_search
[2025-03-08 00:24:43] Request ID: otoh3b
[2025-03-08 00:24:43] Response: Success
[2025-03-08 00:25:15] Action: perform_search
[2025-03-08 00:25:15] Request ID: z9kn9e
[2025-03-08 00:25:16] Response: Success
[2025-03-08 00:25:16] Action: perform_search
[2025-03-08 00:25:16] Request ID: eajn3a
[2025-03-08 00:25:17] Response: Success
[2025-03-08 10:31:16] Parent process closed connection, exiting...
[2025-03-10 23:10:34] Action: perform_search
[2025-03-10 23:10:34] Request ID: 92jb
[2025-03-10 23:10:38] Response: Success
[2025-03-10 23:10:38] Action: perform_search
[2025-03-10 23:10:38] Request ID: ha0x2q
[2025-03-10 23:10:39] Response: Success
[2025-03-10 23:10:39] Action: perform_search
[2025-03-10 23:10:39] Request ID: cred3
[2025-03-10 23:10:39] Response: Failure
[2025-03-10 23:10:39] Action: perform_search
[2025-03-10 23:10:39] Request ID: tm8whr
[2025-03-10 23:10:40] Response: Success
[2025-03-10 23:10:40] Action: perform_search
[2025-03-10 23:10:40] Request ID: 444x33
[2025-03-10 23:10:40] Response: Failure
[2025-03-10 23:10:40] Action: perform_search
[2025-03-10 23:10:40] Request ID: 4dkn2i
[2025-03-10 23:10:41] Response: Success
[2025-03-10 23:10:44] Action: open_editor
[2025-03-10 23:10:44] Request ID: 9k32g
[2025-03-10 23:10:45] Response: Success
[2025-03-10 23:26:56] Action: perform_search
[2025-03-10 23:26:56] Request ID: c9hqvm
[2025-03-10 23:27:00] Response: Success
[2025-03-10 23:27:00] Action: perform_search
[2025-03-10 23:27:00] Request ID: ohzttmk
[2025-03-10 23:27:01] Response: Success
[2025-03-10 23:27:01] Action: perform_search
[2025-03-10 23:27:01] Request ID: hkvlog
[2025-03-10 23:27:02] Response: Success
[2025-03-10 23:27:02] Action: perform_search
[2025-03-10 23:27:02] Request ID: ldcb0c
[2025-03-10 23:27:02] Response: Failure
[2025-03-10 23:27:02] Action: perform_search
[2025-03-10 23:27:02] Request ID: 72c2g
[2025-03-10 23:27:03] Response: Success
[2025-03-10 23:27:05] Action: open_editor
[2025-03-10 23:27:05] Request ID: m8hxuv
[2025-03-10 23:27:06] Response: Success
